[backblue.gif]
[fade.gif]
[index.html]
[sohelrana.me/hotel/default/js/ie-emulation-modes-warning.js]
[sohelrana.me/hotel/default/img/logo.png]
[sohelrana.me/hotel/default/img/chevron-left.png]
[sohelrana.me/hotel/default/img/chevron-right.png]
[sohelrana.me/hotel/default/img/bedroom-1.jpg]
[sohelrana.me/hotel/default/img/bedroom-2.jpg]
[sohelrana.me/hotel/default/img/bedroom-6.jpg]
[sohelrana.me/hotel/default/img/spa.png]
[sohelrana.me/hotel/default/img/home-chef.jpg]
[sohelrana.me/hotel/default/img/special-service-img.jpg]
[sohelrana.me/hotel/default/img/profile-01.jpg]
[sohelrana.me/hotel/default/img/profile-02.jpg]
[sohelrana.me/hotel/default/img/profile-03.jpg]
[sohelrana.me/hotel/default/img/profile-04.jpg]
[sohelrana.me/hotel/default/img/footer-logo.png]
[sohelrana.me/hotel/default/img/footer-img-1.jpg]
[sohelrana.me/hotel/default/img/footer-img-2.jpg]
[sohelrana.me/hotel/default/img/footer-img-3.jpg]
[sohelrana.me/hotel/default/img/gallery-1.jpg]
[sohelrana.me/hotel/default/img/gallery-2.jpg]
[sohelrana.me/hotel/default/img/gallery-3.jpg]
[sohelrana.me/hotel/default/img/gallery-4.jpg]
[sohelrana.me/hotel/default/img/gallery-5.jpg]
[sohelrana.me/hotel/default/js/jquery-2.2.0.min.js]
[sohelrana.me/hotel/default/js/bootstrap.min.js]
[sohelrana.me/hotel/default/js/bootstrap-slider.js]
[sohelrana.me/hotel/default/js/ie10-viewport-bug-workaround.js]
[sohelrana.me/hotel/default/js/flatpickr.js]
[sohelrana.me/hotel/default/js/app.js]
[www.google-analytics.com/analytics.js]
[sohelrana.me/hotel/default/index.html]
[sohelrana.me/hotel/default/fonts/glyphicons-halflings-regular.eot]
[sohelrana.me/hotel/default/fonts/glyphicons-halflings-regulard41d.eot]
[sohelrana.me/hotel/default/fonts/glyphicons-halflings-regular.woff]
[sohelrana.me/hotel/default/fonts/glyphicons-halflings-regular.ttf]
[sohelrana.me/hotel/default/css/bootstrap.min.css]
[sohelrana.me/hotel/default/css/animate.min.css]
[sohelrana.me/hotel/default/css/slider.css]
[sohelrana.me/hotel/default/css/font-awesome-4.5.0/fonts/fontawesome-webfont3295.eot]
[sohelrana.me/hotel/default/css/font-awesome-4.5.0/fonts/fontawesome-webfontd41d.eot]
[sohelrana.me/hotel/default/css/font-awesome-4.5.0/fonts/fontawesome-webfont3295.woff]
[sohelrana.me/hotel/default/css/font-awesome-4.5.0/fonts/fontawesome-webfont3295.ttf]
[sohelrana.me/hotel/default/css/font-awesome-4.5.0/css/font-awesome.min.css]
[sohelrana.me/hotel/default/css/flaticon/font/Flaticon.eot]
[sohelrana.me/hotel/default/css/flaticon/font/Flaticon.woff]
[sohelrana.me/hotel/default/css/flaticon/font/Flaticond41d.eot]
[sohelrana.me/hotel/default/css/flaticon/font/Flaticon.ttf]
[sohelrana.me/hotel/default/css/flaticon/font/flaticon.css]
[sohelrana.me/hotel/default/img/banner-slider-1.jpg]
[sohelrana.me/hotel/default/img/banner-slider-2.jpg]
[sohelrana.me/hotel/default/img/banner-slider-3.jpg]
[sohelrana.me/hotel/default/img/home-parallax.jpg]
[sohelrana.me/hotel/default/img/new-experience-inner.jpg]
[sohelrana.me/hotel/default/img/banner-sub-slider.jpg]
[sohelrana.me/hotel/default/css/style.css]
[sohelrana.me/hotel/default/css/ie10-viewport-bug-workaround.css]
[sohelrana.me/hotel/default/css/flatpickr.min.css]
[sohelrana.me/hotel/default/index-2.html]
[sohelrana.me/hotel/default/img/room01.jpg]
[sohelrana.me/hotel/default/img/room02.jpg]
[sohelrana.me/hotel/default/img/room03.jpg]
[sohelrana.me/hotel/default/img/room04.jpg]
[sohelrana.me/hotel/default/img/room05.jpg]
[sohelrana.me/hotel/default/img/room06.jpg]
[sohelrana.me/hotel/default/img/room07.jpg]
[sohelrana.me/hotel/default/img/room08.jpg]
[sohelrana.me/hotel/default/img/image-feature1.jpg]
[sohelrana.me/hotel/default/img/image-feature2.jpg]
[sohelrana.me/hotel/default/img/image-feature3.jpg]
[sohelrana.me/hotel/default/img/image-feature4.jpg]
[sohelrana.me/hotel/default/img/men-img.jpg]
[sohelrana.me/hotel/default/index-3.html]
[sohelrana.me/hotel/default/img/list-room-1.jpg]
[sohelrana.me/hotel/default/img/list-room-2.jpg]
[sohelrana.me/hotel/default/img/list-room-3.jpg]
[sohelrana.me/hotel/default/img/list-room-9.jpg]
[sohelrana.me/hotel/default/img/list-room-5.jpg]
[sohelrana.me/hotel/default/img/list-room-6.jpg]
[sohelrana.me/hotel/default/img/list-room-7.jpg]
[sohelrana.me/hotel/default/img/list-room-8.jpg]
[sohelrana.me/hotel/default/img/list-room-4.jpg]
[sohelrana.me/hotel/default/img/Recent-sub-01.jpg]
[sohelrana.me/hotel/default/img/Recent-sub-02.jpg]
[sohelrana.me/hotel/default/img/Recent-sub-03.jpg]
[sohelrana.me/hotel/default/rooms-list.html]
[sohelrana.me/hotel/default/rooms-list-2.html]
[sohelrana.me/hotel/default/img/bedroom-4.jpg]
[sohelrana.me/hotel/default/img/bedroom-5.jpg]
[sohelrana.me/hotel/default/img/bedroom-7.jpg]
[sohelrana.me/hotel/default/img/bedroom-9.jpg]
[sohelrana.me/hotel/default/img/bedroom-3.jpg]
[sohelrana.me/hotel/default/rooms-grid.html]
[sohelrana.me/hotel/default/img/bedroom-8.jpg]
[sohelrana.me/hotel/default/rooms-grid-2.html]
[sohelrana.me/hotel/default/img/rooms-detail-slider-1.jpg]
[sohelrana.me/hotel/default/img/rooms-detail-slider-2.jpg]
[sohelrana.me/hotel/default/img/rooms-detail-slider-3.jpg]
[sohelrana.me/hotel/default/img/rooms-detail-slider-4.jpg]
[sohelrana.me/hotel/default/img/rooms-detail-slider-5.jpg]
[sohelrana.me/hotel/default/img/rooms-detail-slider-6.jpg]
[sohelrana.me/hotel/default/img/rooms-detail-slider-7.jpg]
[sohelrana.me/hotel/default/img/rooms-detail-slider-8.jpg]
[sohelrana.me/hotel/default/rooms-details.html]
[sohelrana.me/hotel/default/login.html]
[sohelrana.me/hotel/default/img/photo-services-5.jpg]
[sohelrana.me/hotel/default/img/photo-services-6.jpg]
[sohelrana.me/hotel/default/img/photo-services-4.jpg]
[sohelrana.me/hotel/default/img/photo-services-1.jpg]
[sohelrana.me/hotel/default/img/photo-services-2.jpg]
[sohelrana.me/hotel/default/img/photo-services-3.jpg]
[sohelrana.me/hotel/default/service.html]
[sohelrana.me/hotel/default/img/spoppinge-home-1.png]
[sohelrana.me/hotel/default/img/close.png]
[sohelrana.me/hotel/default/img/spoppinge-home-2.png]
[sohelrana.me/hotel/default/img/spoppinge-home-3.png]
[sohelrana.me/hotel/default/shopping-cart.html]
[sohelrana.me/hotel/default/checkout.html]
[sohelrana.me/hotel/default/invoice.html]
[sohelrana.me/hotel/default/signup.html]
[sohelrana.me/hotel/default/forgot-password.html]
[sohelrana.me/hotel/default/404.html]
[sohelrana.me/hotel/default/img/about-item-1.jpg]
[sohelrana.me/hotel/default/img/about-item-2.jpg]
[sohelrana.me/hotel/default/img/about-item-3.jpg]
[sohelrana.me/hotel/default/img/about-item-4.jpg]
[sohelrana.me/hotel/default/img/about-item-5.jpg]
[sohelrana.me/hotel/default/about.html]
[sohelrana.me/hotel/default/img/blog-01.jpg]
[sohelrana.me/hotel/default/img/blog-02.jpg]
[sohelrana.me/hotel/default/img/blog-03.jpg]
[sohelrana.me/hotel/default/img/blog-04.jpg]
[sohelrana.me/hotel/default/img/recent-comments-pic.png]
[sohelrana.me/hotel/default/with-right-sidebar.html]
[sohelrana.me/hotel/default/img/full-blog-01.jpg]
[sohelrana.me/hotel/default/img/full-blog-02.jpg]
[sohelrana.me/hotel/default/img/full-blog-03.jpg]
[sohelrana.me/hotel/default/img/full-blog-04.jpg]
[sohelrana.me/hotel/default/fullwidth.html]
[sohelrana.me/hotel/default/img/blog-5.jpg]
[sohelrana.me/hotel/default/blog-single-sidebar.html]
[sohelrana.me/hotel/default/blog-single.html]
[sohelrana.me/hotel/default/contact.html]
[sohelrana.me/hotel/default/fonts/glyphicons-halflings-regular.html]
[sohelrana.me/hotel/default/fonts/glyphicons-halflings-regular.svg]
[sohelrana.me/hotel/default/css/font-awesome-4.5.0/fonts/fontawesome-webfont3295.html]
[sohelrana.me/hotel/default/css/font-awesome-4.5.0/fonts/fontawesome-webfont3295.svg]
[sohelrana.me/hotel/default/css/flaticon/font/Flaticon.svg]
[sohelrana.me/hotel/default/css/PIE.html]
[sohelrana.me/hotel/default/rooms-list-html.html]
[sohelrana.me/hotel/default/www.sohelrana.html]
